// Jest Snapshot v1, https://goo.gl/fbAQLP

exports[`renders correctly 1`] = `
<footer
  className="footer"
>
  <p>
    2023 All Rights Reserved. 
  </p>
</footer>
`;
